Archive member included because of file (symbol)

c:/infineon/tools/dave ide/4.5.0.202105191637/eclipse/arm-gcc-49/bin/../lib/gcc/arm-none-eabi/4.9.3/../../../../arm-none-eabi/lib/armv7e-m/softfp\libg_nano.a(lib_a-errno.o)
                              ./Libraries/Newlib/syscalls.o (__errno)
c:/infineon/tools/dave ide/4.5.0.202105191637/eclipse/arm-gcc-49/bin/../lib/gcc/arm-none-eabi/4.9.3/../../../../arm-none-eabi/lib/armv7e-m/softfp\libg_nano.a(lib_a-impure.o)
                              c:/infineon/tools/dave ide/4.5.0.202105191637/eclipse/arm-gcc-49/bin/../lib/gcc/arm-none-eabi/4.9.3/../../../../arm-none-eabi/lib/armv7e-m/softfp\libg_nano.a(lib_a-errno.o) (_impure_ptr)
c:/infineon/tools/dave ide/4.5.0.202105191637/eclipse/arm-gcc-49/bin/../lib/gcc/arm-none-eabi/4.9.3/../../../../arm-none-eabi/lib/armv7e-m/softfp\libg_nano.a(lib_a-init.o)
                              ./Startup/startup_XMC4700.o (__libc_init_array)
c:/infineon/tools/dave ide/4.5.0.202105191637/eclipse/arm-gcc-49/bin/../lib/gcc/arm-none-eabi/4.9.3/../../../../arm-none-eabi/lib/armv7e-m/softfp\libg_nano.a(lib_a-memcpy.o)
                              ./Libraries/XMCLib/src/xmc_eth_mac.o (memcpy)
c:/infineon/tools/dave ide/4.5.0.202105191637/eclipse/arm-gcc-49/bin/../lib/gcc/arm-none-eabi/4.9.3/../../../../arm-none-eabi/lib/armv7e-m/softfp\libg_nano.a(lib_a-memset.o)
                              ./Libraries/XMCLib/src/xmc_usbd.o (memset)
c:/infineon/tools/dave ide/4.5.0.202105191637/eclipse/arm-gcc-49/bin/../lib/gcc/arm-none-eabi/4.9.3/../../../../arm-none-eabi/lib/armv7e-m/softfp\libg_nano.a(lib_a-strlen.o)
                              ./main.o (strlen)

Allocating common symbols
Common symbol       size              file

g_timer_tbl         0x120             ./Dave/Generated/SYSTIMER/systimer.o
delay1000           0x4               ./main.o
xmc_device          0x208             ./Libraries/XMCLib/src/xmc_usbd.o

Discarded input sections

 .text          0x00000000        0x0 ./Startup/startup_XMC4700.o
 .data          0x00000000        0x0 ./Startup/startup_XMC4700.o
 .bss           0x00000000        0x0 ./Startup/startup_XMC4700.o
 .text          0x00000000        0x0 ./Startup/system_XMC4700.o
 .data          0x00000000        0x0 ./Startup/system_XMC4700.o
 .bss           0x00000000        0x0 ./Startup/system_XMC4700.o
 .text.delay    0x00000000       0x28 ./Startup/system_XMC4700.o
 .text.SystemCoreSetup
                0x00000000       0x70 ./Startup/system_XMC4700.o
 .text.SystemCoreClockSetup
                0x00000000      0x258 ./Startup/system_XMC4700.o
 .text.OSCHP_GetFrequency
                0x00000000       0x14 ./Startup/system_XMC4700.o
 .comment       0x00000000       0x71 ./Startup/system_XMC4700.o
 .text          0x00000000        0x0 ./Libraries/XMCLib/src/xmc4_eru.o
 .data          0x00000000        0x0 ./Libraries/XMCLib/src/xmc4_eru.o
 .bss           0x00000000        0x0 ./Libraries/XMCLib/src/xmc4_eru.o
 .text.XMC_ERU_Enable
                0x00000000       0x2c ./Libraries/XMCLib/src/xmc4_eru.o
 .text.XMC_ERU_Disable
                0x00000000       0x2c ./Libraries/XMCLib/src/xmc4_eru.o
 .debug_info    0x00000000      0x658 ./Libraries/XMCLib/src/xmc4_eru.o
 .debug_abbrev  0x00000000      0x180 ./Libraries/XMCLib/src/xmc4_eru.o
 .debug_loc     0x00000000       0xa0 ./Libraries/XMCLib/src/xmc4_eru.o
 .debug_aranges
                0x00000000       0x28 ./Libraries/XMCLib/src/xmc4_eru.o
 .debug_ranges  0x00000000       0x18 ./Libraries/XMCLib/src/xmc4_eru.o
 .debug_line    0x00000000      0x2b5 ./Libraries/XMCLib/src/xmc4_eru.o
 .debug_str     0x00000000      0x9bc ./Libraries/XMCLib/src/xmc4_eru.o
 .comment       0x00000000       0x71 ./Libraries/XMCLib/src/xmc4_eru.o
 .debug_frame   0x00000000       0x60 ./Libraries/XMCLib/src/xmc4_eru.o
 .ARM.attributes
                0x00000000       0x37 ./Libraries/XMCLib/src/xmc4_eru.o
 .text          0x00000000        0x0 ./Libraries/XMCLib/src/xmc4_flash.o
 .data          0x00000000        0x0 ./Libraries/XMCLib/src/xmc4_flash.o
 .bss           0x00000000        0x0 ./Libraries/XMCLib/src/xmc4_flash.o
 .text.XMC_FLASH_lEnterPageModeCommand
                0x00000000       0x20 ./Libraries/XMCLib/src/xmc4_flash.o
 .text.XMC_FLASH_lLoadPageCommand
                0x00000000       0x30 ./Libraries/XMCLib/src/xmc4_flash.o
 .text.XMC_FLASH_lWritePageCommand
                0x00000000       0x44 ./Libraries/XMCLib/src/xmc4_flash.o
 .text.XMC_FLASH_lWriteUCBPageCommand
                0x00000000       0x44 ./Libraries/XMCLib/src/xmc4_flash.o
 .text.XMC_FLASH_lEraseSectorCommand
                0x00000000       0x58 ./Libraries/XMCLib/src/xmc4_flash.o
 .text.XMC_FLASH_lDisableSectorWriteProtectionCommand
                0x00000000       0x64 ./Libraries/XMCLib/src/xmc4_flash.o
 .text.XMC_FLASH_lDisableReadProtectionCommand
                0x00000000       0x60 ./Libraries/XMCLib/src/xmc4_flash.o
 .text.XMC_FLASH_lClearStatusCommand
[...]
Memory Configuration

Name             Origin             Length             Attributes
FLASH_1_cached   0x08000000         0x00200000         xr
FLASH_1_uncached 0x0c000000         0x00200000         xr
PSRAM_1          0x1ffe8000         0x00018000         !xr
DSRAM_1_system   0x20000000         0x00020000         !xr
DSRAM_2_comm     0x20020000         0x00020000         !xr
SRAM_combined    0x1ffe8000         0x00058000         !xr
*default*        0x00000000         0xffffffff

Linker script and memory map

LOAD ./Startup/startup_XMC4700.o
LOAD ./Startup/system_XMC4700.o
LOAD ./Libraries/XMCLib/src/xmc4_eru.o
LOAD ./Libraries/XMCLib/src/xmc4_flash.o
LOAD ./Libraries/XMCLib/src/xmc4_gpio.o
LOAD ./Libraries/XMCLib/src/xmc4_rtc.o
LOAD ./Libraries/XMCLib/src/xmc4_scu.o
LOAD ./Libraries/XMCLib/src/xmc_can.o
LOAD ./Libraries/XMCLib/src/xmc_ccu4.o
LOAD ./Libraries/XMCLib/src/xmc_ccu8.o
LOAD ./Libraries/XMCLib/src/xmc_common.o
LOAD ./Libraries/XMCLib/src/xmc_dac.o
LOAD ./Libraries/XMCLib/src/xmc_dma.o
LOAD ./Libraries/XMCLib/src/xmc_dsd.o
LOAD ./Libraries/XMCLib/src/xmc_ebu.o
LOAD ./Libraries/XMCLib/src/xmc_ecat.o
LOAD ./Libraries/XMCLib/src/xmc_eru.o
LOAD ./Libraries/XMCLib/src/xmc_eth_mac.o
LOAD ./Libraries/XMCLib/src/xmc_eth_phy_dp83848.o
LOAD ./Libraries/XMCLib/src/xmc_eth_phy_ksz8031rnl.o
LOAD ./Libraries/XMCLib/src/xmc_eth_phy_ksz8081rnb.o
LOAD ./Libraries/XMCLib/src/xmc_fce.o
LOAD ./Libraries/XMCLib/src/xmc_gpio.o
LOAD ./Libraries/XMCLib/src/xmc_hrpwm.o
LOAD ./Libraries/XMCLib/src/xmc_i2c.o
LOAD ./Libraries/XMCLib/src/xmc_i2s.o
LOAD ./Libraries/XMCLib/src/xmc_ledts.o
LOAD ./Libraries/XMCLib/src/xmc_posif.o
LOAD ./Libraries/XMCLib/src/xmc_rtc.o
LOAD ./Libraries/XMCLib/src/xmc_sdmmc.o
LOAD ./Libraries/XMCLib/src/xmc_spi.o
LOAD ./Libraries/XMCLib/src/xmc_uart.o
LOAD ./Libraries/XMCLib/src/xmc_usbd.o
LOAD ./Libraries/XMCLib/src/xmc_usbh.o
LOAD ./Libraries/XMCLib/src/xmc_usic.o
LOAD ./Libraries/XMCLib/src/xmc_vadc.o
LOAD ./Libraries/XMCLib/src/xmc_wdt.o
LOAD ./Libraries/Newlib/syscalls.o
LOAD ./Dave/Generated/SYSTIMER/systimer.o
LOAD ./Dave/Generated/SYSTIMER/systimer_conf.o
LOAD ./Dave/Generated/PWM/pwm.o
LOAD ./Dave/Generated/PWM/pwm_conf.o
LOAD ./Dave/Generated/GLOBAL_CCU4/global_ccu4.o
LOAD ./Dave/Generated/GLOBAL_CCU4/global_ccu4_conf.o
LOAD ./Dave/Generated/CPU_CTRL_XMC4/cpu_ctrl_xmc4.o
LOAD ./Dave/Generated/CPU_CTRL_XMC4/cpu_ctrl_xmc4_conf.o
LOAD ./Dave/Generated/CLOCK_XMC4/clock_xmc4.o
LOAD ./Dave/Generated/CLOCK_XMC4/clock_xmc4_conf.o
LOAD ./Dave/Generated/DAVE.o
LOAD ./main.o
LOAD c:/infineon/tools/dave ide/4.5.0.202105191637/eclipse/arm-gcc-49/bin/../lib/gcc/arm-none-eabi/4.9.3/../../../../arm-none-eabi/lib/armv7e-m/softfp\libm.a
START GROUP
LOAD c:/infineon/tools/dave ide/4.5.0.202105191637/eclipse/arm-gcc-49/bin/../lib/gcc/arm-none-eabi/4.9.3/armv7e-m/softfp\libgcc.a
LOAD c:/infineon/tools/dave ide/4.5.0.202105191637/eclipse/arm-gcc-49/bin/../lib/gcc/arm-none-eabi/4.9.3/../../../../arm-none-eabi/lib/armv7e-m/softfp\libg_nano.a
LOAD c:/infineon/tools/dave ide/4.5.0.202105191637/eclipse/arm-gcc-49/bin/../lib/gcc/arm-none-eabi/4.9.3/../../../../arm-none-eabi/lib/armv7e-m/softfp\libc_nano.a
END GROUP
START GROUP
LOAD c:/infineon/tools/dave ide/4.5.0.202105191637/eclipse/arm-gcc-49/bin/../lib/gcc/arm-none-eabi/4.9.3/armv7e-m/softfp\libgcc.a
LOAD c:/infineon/tools/dave ide/4.5.0.202105191637/eclipse/arm-gcc-49/bin/../lib/gcc/arm-none-eabi/4.9.3/../../../../arm-none-eabi/lib/armv7e-m/softfp\libc_nano.a
LOAD c:/infineon/tools/dave ide/4.5.0.202105191637/eclipse/arm-gcc-49/bin/../lib/gcc/arm-none-eabi/4.9.3/../../../../arm-none-eabi/lib/armv7e-m/softfp\libnosys.a
END GROUP
START GROUP
LOAD c:/infineon/tools/dave ide/4.5.0.202105191637/eclipse/arm-gcc-49/bin/../lib/gcc/arm-none-eabi/4.9.3/armv7e-m/softfp\libgcc.a
LOAD c:/infineon/tools/dave ide/4.5.0.202105191637/eclipse/arm-gcc-49/bin/../lib/gcc/arm-none-eabi/4.9.3/../../../../arm-none-eabi/lib/armv7e-m/softfp\libc_nano.a
LOAD c:/infineon/tools/dave ide/4.5.0.202105191637/eclipse/arm-gcc-49/bin/../lib/gcc/arm-none-eabi/4.9.3/../../../../arm-none-eabi/lib/armv7e-m/softfp\libnosys.a
END GROUP
                0x00000800                stack_size = DEFINED (stack_size)?stack_size:0x800
                0x00000040                no_init_size = 0x40

.text           0x08000000     0x20d4 load address 0x0c000000
                0x08000000                sText = .
 *(.reset)
 .reset         0x08000000      0x29c ./Startup/startup_XMC4700.o
                0x08000000                __Vectors
                0x08000200                Reset_Handler
                0x08000298                DSD0_7_IRQHandler
                0x08000298                DebugMon_Handler
                0x08000298                VADC0_C0_0_IRQHandler
                0x08000298                CAN0_4_IRQHandler
                0x08000298                VADC0_G2_0_IRQHandler
                0x08000298                USIC0_5_IRQHandler
                0x08000298                POSIF0_0_IRQHandler
                0x08000298                POSIF1_0_IRQHandler
                0x08000298                HardFault_Handler
                0x08000298                VADC0_G1_1_IRQHandler
                0x08000298                PendSV_Handler
                0x08000298                NMI_Handler
                0x08000298                USIC1_3_IRQHandler
                0x08000298                CCU40_2_IRQHandler
                0x08000298                SCU_0_IRQHandler
                0x08000298                ERU0_0_IRQHandler
                0x08000298                CCU41_0_IRQHandler
                0x08000298                USIC1_5_IRQHandler
                0x08000298                DSD0_4_IRQHandler
                0x08000298                CCU80_1_IRQHandler
                0x08000298                CCU81_0_IRQHandler
                0x08000298                UsageFault_Handler
                0x08000298                USIC0_0_IRQHandler
                0x08000298                POSIF1_1_IRQHandler
                0x08000298                ERU0_2_IRQHandler
                0x08000298                CCU81_1_IRQHandler
                0x08000298                ERU1_1_IRQHandler
                0x08000298                VADC0_G2_3_IRQHandler
                0x08000298                VADC0_G2_2_IRQHandler
                0x08000298                CCU42_3_IRQHandler
                0x08000298                ERU0_3_IRQHandler
                0x08000298                DSD0_5_IRQHandler
                0x08000298                VADC0_C0_3_IRQHandler
                0x08000298                CAN0_6_IRQHandler
                0x08000298                CCU43_0_IRQHandler
                0x08000298                VADC0_G0_1_IRQHandler
                0x08000298                CCU81_2_IRQHandler
                0x08000298                USIC2_4_IRQHandler
                0x08000298                CCU81_3_IRQHandler
                0x08000298                CCU42_1_IRQHandler
                0x08000298                USIC1_1_IRQHandler
                0x08000298                USIC2_5_IRQHandler
                0x08000298                CCU40_0_IRQHandler
                0x08000298                CAN0_0_IRQHandler
                0x08000298                ERU1_0_IRQHandler
                0x08000298                CCU42_2_IRQHandler
                0x08000298                Default_Handler
                0x08000298                USIC1_4_IRQHandler
                0x08000298                ERU1_3_IRQHandler
                0x08000298                USIC1_0_IRQHandler
                0x08000298                POSIF0_1_IRQHandler
                0x08000298                VADC0_G0_0_IRQHandler
                0x08000298                DSD0_2_IRQHandler
                0x08000298                CCU80_3_IRQHandler
                0x08000298                CCU41_3_IRQHandler
                0x08000298                CCU80_2_IRQHandler
                0x08000298                VADC0_G1_3_IRQHandler
                0x08000298                VADC0_G0_3_IRQHandler
                0x08000298                GPDMA0_0_IRQHandler
                0x08000298                PMU0_0_IRQHandler
                0x08000298                CAN0_7_IRQHandler
                0x08000298                DSD0_1_IRQHandler
                0x08000298                CCU41_2_IRQHandler
                0x08000298                VADC0_C0_1_IRQHandler
                0x08000298                CCU43_2_IRQHandler
                0x08000298                USIC2_2_IRQHandler
                0x08000298                MemManage_Handler
                0x08000298                VADC0_G3_1_IRQHandler
                0x08000298                DAC0_0_IRQHandler
                0x08000298                SVC_Handler
                0x08000298                VADC0_G3_3_IRQHandler
                0x08000298                ERU1_2_IRQHandler
                0x08000298                CCU41_1_IRQHandler
                0x08000298                DSD0_6_IRQHandler
                0x08000298                CCU43_1_IRQHandler
                0x08000298                VADC0_G1_2_IRQHandler
                0x08000298                USIC2_3_IRQHandler
                0x08000298                CAN0_2_IRQHandler
                0x08000298                USIC2_0_IRQHandler
                0x08000298                VADC0_G0_2_IRQHandler
                0x08000298                VADC0_G2_1_IRQHandler
                0x08000298                CAN0_3_IRQHandler
                0x08000298                ETH0_0_IRQHandler
                0x08000298                USIC0_3_IRQHandler
                0x08000298                DSD0_0_IRQHandler
                0x08000298                VADC0_C0_2_IRQHandler
                0x08000298                CCU42_0_IRQHandler
                0x08000298                FCE0_0_IRQHandler
                0x08000298                VADC0_G1_0_IRQHandler
                0x08000298                USB0_0_IRQHandler
                0x08000298                CAN0_5_IRQHandler
                0x08000298                CCU80_0_IRQHandler
                0x08000298                CCU40_1_IRQHandler
                0x08000298                USIC2_1_IRQHandler
                0x08000298                USIC0_1_IRQHandler
                0x08000298                VADC0_G3_2_IRQHandler
                0x08000298                CCU40_3_IRQHandler
                0x08000298                BusFault_Handler
                0x08000298                LEDTS0_0_IRQHandler
                0x08000298                USIC0_4_IRQHandler
                0x08000298                CCU43_3_IRQHandler
                0x08000298                ERU0_1_IRQHandler
                0x08000298                VADC0_G3_0_IRQHandler
                0x08000298                USIC1_2_IRQHandler
                0x08000298                DSD0_3_IRQHandler
                0x08000298                SDMMC0_0_IRQHandler
                0x08000298                CAN0_1_IRQHandler
                0x08000298                USIC0_2_IRQHandler
                0x08000298                DAC0_1_IRQHandler
                0x08000298                GPDMA1_0_IRQHandler
 *(.text .text.* .gnu.linkonce.t.*)
 .text.SystemInit
                0x0800029c       0x20 ./Startup/system_XMC4700.o
                0x0800029c                SystemInit
 .text.SystemCoreClockUpdate
                0x080002bc       0xd4 ./Startup/system_XMC4700.o
                0x080002bc                SystemCoreClockUpdate
 .text.XMC_GPIO_Init
                0x08000390      0x14c ./Libraries/XMCLib/src/xmc4_gpio.o
                0x08000390                XMC_GPIO_Init
 .text.XMC_SCU_GetMirrorStatus
                0x080004dc       0x18 ./Libraries/XMCLib/src/xmc4_scu.o
 .text.XMC_SCU_lDelay
                0x080004f4       0x44 ./Libraries/XMCLib/src/xmc4_scu.o
 .text.XMC_SCU_INTERUPT_GetEventStatus
                0x08000538       0x18 ./Libraries/XMCLib/src/xmc4_scu.o
                0x08000538                XMC_SCU_INTERUPT_GetEventStatus
 .text.XMC_SCU_INTERRUPT_ClearEventStatus
                0x08000550       0x1c ./Libraries/XMCLib/src/xmc4_scu.o
                0x08000550                XMC_SCU_INTERRUPT_ClearEventStatus
 .text.XMC_SCU_CLOCK_Init
                0x0800056c       0xf8 ./Libraries/XMCLib/src/xmc4_scu.o
                0x0800056c                XMC_SCU_CLOCK_Init
 .text.XMC_SCU_RESET_DeassertPeripheralReset
                0x08000664       0x38 ./Libraries/XMCLib/src/xmc4_scu.o
                0x08000664                XMC_SCU_RESET_DeassertPeripheralReset
 .text.XMC_SCU_CLOCK_SetSystemClockSource
                0x0800069c       0x28 ./Libraries/XMCLib/src/xmc4_scu.o
                0x0800069c                XMC_SCU_CLOCK_SetSystemClockSource
 .text.XMC_SCU_CLOCK_SetUsbClockSource
                0x080006c4       0x28 ./Libraries/XMCLib/src/xmc4_scu.o
                0x080006c4                XMC_SCU_CLOCK_SetUsbClockSource
 .text.XMC_SCU_CLOCK_SetWdtClockSource
                0x080006ec       0x28 ./Libraries/XMCLib/src/xmc4_scu.o
                0x080006ec                XMC_SCU_CLOCK_SetWdtClockSource
 .text.XMC_SCU_CLOCK_SetSystemPllClockSource
                0x08000714       0x40 ./Libraries/XMCLib/src/xmc4_scu.o
                0x08000714                XMC_SCU_CLOCK_SetSystemPllClockSource
 .text.XMC_SCU_HIB_SetRtcClockSource
                0x08000754       0x3c ./Libraries/XMCLib/src/xmc4_scu.o
                0x08000754                XMC_SCU_HIB_SetRtcClockSource
 .text.XMC_SCU_HIB_SetStandbyClockSource
                0x08000790       0x3c ./Libraries/XMCLib/src/xmc4_scu.o
                0x08000790                XMC_SCU_HIB_SetStandbyClockSource
 .text.XMC_SCU_CLOCK_SetSystemClockDivider
                0x080007cc       0x28 ./Libraries/XMCLib/src/xmc4_scu.o
                0x080007cc                XMC_SCU_CLOCK_SetSystemClockDivider
 .text.XMC_SCU_CLOCK_SetCcuClockDivider
                0x080007f4       0x28 ./Libraries/XMCLib/src/xmc4_scu.o
                0x080007f4                XMC_SCU_CLOCK_SetCcuClockDivider
 .text.XMC_SCU_CLOCK_SetCpuClockDivider
                0x0800081c       0x28 ./Libraries/XMCLib/src/xmc4_scu.o
                0x0800081c                XMC_SCU_CLOCK_SetCpuClockDivider
 .text.XMC_SCU_CLOCK_SetPeripheralClockDivider
                0x08000844       0x28 ./Libraries/XMCLib/src/xmc4_scu.o
                0x08000844                XMC_SCU_CLOCK_SetPeripheralClockDivider
 .text.XMC_SCU_CLOCK_SetUsbClockDivider
                0x0800086c       0x28 ./Libraries/XMCLib/src/xmc4_scu.o
                0x0800086c                XMC_SCU_CLOCK_SetUsbClockDivider
 .text.XMC_SCU_CLOCK_SetEbuClockDivider
                0x08000894       0x28 ./Libraries/XMCLib/src/xmc4_scu.o
                0x08000894                XMC_SCU_CLOCK_SetEbuClockDivider
 .text.XMC_SCU_CLOCK_SetWdtClockDivider
                0x080008bc       0x28 ./Libraries/XMCLib/src/xmc4_scu.o
                0x080008bc                XMC_SCU_CLOCK_SetWdtClockDivider
 .text.XMC_SCU_CLOCK_EnableClock
                0x080008e4       0x20 ./Libraries/XMCLib/src/xmc4_scu.o
                0x080008e4                XMC_SCU_CLOCK_EnableClock
 .text.XMC_SCU_CLOCK_UngatePeripheralClock
                0x08000904       0x38 ./Libraries/XMCLib/src/xmc4_scu.o
                0x08000904                XMC_SCU_CLOCK_UngatePeripheralClock
 .text.XMC_SCU_CLOCK_EnableUsbPll
                0x0800093c       0x20 ./Libraries/XMCLib/src/xmc4_scu.o
                0x0800093c                XMC_SCU_CLOCK_EnableUsbPll
 .text.XMC_SCU_CLOCK_StartUsbPll
                0x0800095c       0xb4 ./Libraries/XMCLib/src/xmc4_scu.o
                0x0800095c                XMC_SCU_CLOCK_StartUsbPll
 .text.XMC_SCU_CLOCK_SetBackupClockCalibrationMode
                0x08000a10       0x4c ./Libraries/XMCLib/src/xmc4_scu.o
                0x08000a10                XMC_SCU_CLOCK_SetBackupClockCalibrationMode
 .text.XMC_SCU_HIB_EnableHibernateDomain
                0x08000a5c       0x58 ./Libraries/XMCLib/src/xmc4_scu.o
                0x08000a5c                XMC_SCU_HIB_EnableHibernateDomain
 .text.XMC_SCU_CLOCK_IsLowPowerOscillatorStable
                0x08000ab4       0x24 ./Libraries/XMCLib/src/xmc4_scu.o
                0x08000ab4                XMC_SCU_CLOCK_IsLowPowerOscillatorStable
 .text.XMC_SCU_CLOCK_EnableLowPowerOscillator
                0x08000ad8       0x70 ./Libraries/XMCLib/src/xmc4_scu.o
                0x08000ad8                XMC_SCU_CLOCK_EnableLowPowerOscillator
 .text.XMC_SCU_CLOCK_EnableHighPerformanceOscillator
                0x08000b48       0x50 ./Libraries/XMCLib/src/xmc4_scu.o
                0x08000b48                XMC_SCU_CLOCK_EnableHighPerformanceOscillator
 .text.XMC_SCU_CLOCK_IsHighPerformanceOscillatorStable
                0x08000b98       0x28 ./Libraries/XMCLib/src/xmc4_scu.o
                0x08000b98                XMC_SCU_CLOCK_IsHighPerformanceOscillatorStable
 .text.XMC_SCU_CLOCK_EnableSystemPll
                0x08000bc0       0x20 ./Libraries/XMCLib/src/xmc4_scu.o
                0x08000bc0                XMC_SCU_CLOCK_EnableSystemPll
 .text.XMC_SCU_CLOCK_DisableSystemPll
                0x08000be0       0x20 ./Libraries/XMCLib/src/xmc4_scu.o
                0x08000be0                XMC_SCU_CLOCK_DisableSystemPll
 .text.XMC_SCU_CLOCK_StartSystemPll
                0x08000c00      0x19c ./Libraries/XMCLib/src/xmc4_scu.o
                0x08000c00                XMC_SCU_CLOCK_StartSystemPll
 .text.XMC_SCU_CLOCK_StepSystemPllFrequency
                0x08000d9c       0x3c ./Libraries/XMCLib/src/xmc4_scu.o
                0x08000d9c                XMC_SCU_CLOCK_StepSystemPllFrequency
 .text.XMC_CCU4_StartPrescaler
                0x08000dd8       0x1c ./Libraries/XMCLib/src/xmc_ccu4.o
 .text.XMC_CCU4_lDeassertReset
                0x08000df4       0x60 ./Libraries/XMCLib/src/xmc_ccu4.o
 .text.XMC_CCU4_lUngateClock
                0x08000e54       0x60 ./Libraries/XMCLib/src/xmc_ccu4.o
 .text.XMC_CCU4_EnableModule
                0x08000eb4       0x20 ./Libraries/XMCLib/src/xmc_ccu4.o
                0x08000eb4                XMC_CCU4_EnableModule
 .text.XMC_CCU4_Init
                0x08000ed4       0x3c ./Libraries/XMCLib/src/xmc_ccu4.o
                0x08000ed4                XMC_CCU4_Init
 .text.XMC_CCU4_SLICE_CompareInit
                0x08000f10       0x6c ./Libraries/XMCLib/src/xmc_ccu4.o
                0x08000f10                XMC_CCU4_SLICE_CompareInit
 .text.XMC_CCU4_SLICE_SetPrescaler
                0x08000f7c       0x3c ./Libraries/XMCLib/src/xmc_ccu4.o
                0x08000f7c                XMC_CCU4_SLICE_SetPrescaler
 .text.XMC_CCU4_SLICE_SetInterruptNode
                0x08000fb8       0xc8 ./Libraries/XMCLib/src/xmc_ccu4.o
                0x08000fb8                XMC_CCU4_SLICE_SetInterruptNode
 .text._init    0x08001080        0xc ./Libraries/Newlib/syscalls.o
                0x08001080                _init
 .text.__NVIC_GetPriorityGrouping
                0x0800108c       0x1c ./Dave/Generated/SYSTIMER/systimer.o
 .text.__NVIC_SetPriority
                0x080010a8       0x54 ./Dave/Generated/SYSTIMER/systimer.o
 .text.NVIC_EncodePriority
                0x080010fc       0x64 ./Dave/Generated/SYSTIMER/systimer.o
 .text.SysTick_Config
                0x08001160       0x44 ./Dave/Generated/SYSTIMER/systimer.o
 .text.SYSTIMER_lInsertTimerList
                0x080011a4      0x1c4 ./Dave/Generated/SYSTIMER/systimer.o
 .text.SYSTIMER_lRemoveTimerList
                0x08001368       0xc0 ./Dave/Generated/SYSTIMER/systimer.o
 .text.SYSTIMER_lTimerHandler
                0x08001428       0xcc ./Dave/Generated/SYSTIMER/systimer.o
 .text.SysTick_Handler
                0x080014f4       0x48 ./Dave/Generated/SYSTIMER/systimer.o
                0x080014f4                SysTick_Handler
 .text.SYSTIMER_Init
                0x0800153c       0x74 ./Dave/Generated/SYSTIMER/systimer.o
                0x0800153c                SYSTIMER_Init
 .text.SYSTIMER_CreateTimer
                0x080015b0      0x13c ./Dave/Generated/SYSTIMER/systimer.o
                0x080015b0                SYSTIMER_CreateTimer
 .text.SYSTIMER_StartTimer
                0x080016ec       0x80 ./Dave/Generated/SYSTIMER/systimer.o
                0x080016ec                SYSTIMER_StartTimer
 .text.XMC_CCU4_EnableClock
                0x0800176c       0x20 ./Dave/Generated/PWM/pwm.o
 .text.XMC_CCU4_SLICE_StartTimer
                0x0800178c       0x18 ./Dave/Generated/PWM/pwm.o
 .text.XMC_CCU4_SLICE_SetTimerPeriodMatch
                0x080017a4       0x1c ./Dave/Generated/PWM/pwm.o
 .text.XMC_CCU4_SLICE_SetTimerCompareMatch
                0x080017c0       0x1c ./Dave/Generated/PWM/pwm.o
 .text.XMC_CCU4_EnableShadowTransfer
                0x080017dc       0x1c ./Dave/Generated/PWM/pwm.o
 .text.XMC_CCU4_SLICE_EnableEvent
                0x080017f8       0x2c ./Dave/Generated/PWM/pwm.o
 .text.PWM_lCCU4_Init
                0x08001824       0xbc ./Dave/Generated/PWM/pwm.o
                0x08001824                PWM_lCCU4_Init
 .text.PWM_lCCU4_ConfigInterrupts
                0x080018e0       0x64 ./Dave/Generated/PWM/pwm.o
                0x080018e0                PWM_lCCU4_ConfigInterrupts
 .text.PWM_lCCU4_Start
                0x08001944       0x48 ./Dave/Generated/PWM/pwm.o
                0x08001944                PWM_lCCU4_Start
 .text.PWM_lCCU4_SetDutyCycle
                0x0800198c       0x80 ./Dave/Generated/PWM/pwm.o
                0x0800198c                PWM_lCCU4_SetDutyCycle
 .text.PWM_lCCU4_SetFreq
                0x08001a0c       0xec ./Dave/Generated/PWM/pwm.o
                0x08001a0c                PWM_lCCU4_SetFreq
 .text.PWM_Init
                0x08001af8       0x2c ./Dave/Generated/PWM/pwm.o
                0x08001af8                PWM_Init
 .text.PWM_Start
                0x08001b24       0x20 ./Dave/Generated/PWM/pwm.o
                0x08001b24                PWM_Start
 .text.PWM_SetDutyCycle
                0x08001b44       0x30 ./Dave/Generated/PWM/pwm.o
                0x08001b44                PWM_SetDutyCycle
 .text.PWM_SetFreq
                0x08001b74       0x30 ./Dave/Generated/PWM/pwm.o
                0x08001b74                PWM_SetFreq
 .text.XMC_CCU4_StartPrescaler
                0x08001ba4       0x1c ./Dave/Generated/GLOBAL_CCU4/global_ccu4.o
 .text.GLOBAL_CCU4_Init
                0x08001bc0       0x40 ./Dave/Generated/GLOBAL_CCU4/global_ccu4.o
                0x08001bc0                GLOBAL_CCU4_Init
 .text.__NVIC_SetPriorityGrouping
                0x08001c00       0x48 ./Dave/Generated/CPU_CTRL_XMC4/cpu_ctrl_xmc4_conf.o
 .text.SystemCoreSetup
                0x08001c48       0xa0 ./Dave/Generated/CPU_CTRL_XMC4/cpu_ctrl_xmc4_conf.o
                0x08001c48                SystemCoreSetup
 .text.CLOCK_XMC4_Init
                0x08001ce8       0x20 ./Dave/Generated/CLOCK_XMC4/clock_xmc4.o
                0x08001ce8                CLOCK_XMC4_Init
 .text.OSCHP_GetFrequency
                0x08001d08       0x14 ./Dave/Generated/CLOCK_XMC4/clock_xmc4.o
                0x08001d08                OSCHP_GetFrequency
 .text.SystemCoreClockSetup
                0x08001d1c       0x58 ./Dave/Generated/CLOCK_XMC4/clock_xmc4_conf.o
                0x08001d1c                SystemCoreClockSetup
 .text.DAVE_Init
                0x08001d74       0x4c ./Dave/Generated/DAVE.o
                0x08001d74                DAVE_Init
 .text.callback
                0x08001dc0       0x24 ./main.o
                0x08001dc0                callback
 .text.delay    0x08001de4       0x28 ./main.o
                0x08001de4                delay
 .text.setFrequency
                0x08001e0c       0x2c ./main.o
                0x08001e0c                setFrequency
 .text.sound    0x08001e38      0x134 ./main.o
                0x08001e38                sound
 .text.main     0x08001f6c       0x8c ./main.o
                0x08001f6c                main
 .text.__libc_init_array
                0x08001ff8       0x4c c:/infineon/tools/dave ide/4.5.0.202105191637/eclipse/arm-gcc-49/bin/../lib/gcc/arm-none-eabi/4.9.3/../../../../arm-none-eabi/lib/armv7e-m/softfp\libg_nano.a(lib_a-init.o)
                0x08001ff8                __libc_init_array
 .text.strlen   0x08002044       0x10 c:/infineon/tools/dave ide/4.5.0.202105191637/eclipse/arm-gcc-49/bin/../lib/gcc/arm-none-eabi/4.9.3/../../../../arm-none-eabi/lib/armv7e-m/softfp\libg_nano.a(lib_a-strlen.o)
                0x08002044                strlen
 *(.init)
 *(.fini)
 *crtbegin.o(.ctors)
 *crtbegin?.o(.ctors)
 *(EXCLUDE_FILE(*crtend.o *crtend?.o) .ctors)
 *(SORT(.ctors.*))
 *(.ctors)
 *crtbegin.o(.dtors)
 *crtbegin?.o(.dtors)
 *(EXCLUDE_FILE(*crtend.o *crtend?.o) .dtors)
 *(SORT(.dtors.*))
 *(.dtors)
 *(.rodata .rodata.*)
 .rodata.PWM_0_compare_config
                0x08002054        0x8 ./Dave/Generated/PWM/pwm_conf.o
                0x08002054                PWM_0_compare_config
 .rodata.PWM_0_gpio_out_config
                0x0800205c        0xc ./Dave/Generated/PWM/pwm_conf.o
                0x0800205c                PWM_0_gpio_out_config
 .rodata        0x08002068       0x14 ./Dave/Generated/CLOCK_XMC4/clock_xmc4_conf.o
 .rodata        0x0800207c       0x58 ./main.o
 *(.gnu.linkonce.r*)
 *(vtable)
                0x080020d4                . = ALIGN (0x4)

.glue_7         0x080020d4        0x0 load address 0x0c0020d4
 .glue_7        0x00000000        0x0 linker stubs

.glue_7t        0x080020d4        0x0 load address 0x0c0020d4
 .glue_7t       0x00000000        0x0 linker stubs

.vfp11_veneer   0x080020d4        0x0 load address 0x0c0020d4
 .vfp11_veneer  0x00000000        0x0 linker stubs

.v4_bx          0x080020d4        0x0 load address 0x0c0020d4
 .v4_bx         0x00000000        0x0 linker stubs

.iplt           0x080020d4        0x0 load address 0x0c0020d4
 .iplt          0x00000000        0x0 ./Startup/startup_XMC4700.o

.rel.dyn        0x080020d4        0x0 load address 0x0c0020d4
 .rel.iplt      0x00000000        0x0 ./Startup/startup_XMC4700.o

.eh_frame_hdr
 *(.eh_frame_hdr)

.eh_frame
 *(.eh_frame)

.ARM.extab
 *(.ARM.extab* .gnu.linkonce.armextab.*)
                0x080020d4                . = ALIGN (0x4)
                0x080020d4                __exidx_start = .

.ARM.exidx
 *(.ARM.exidx* .gnu.linkonce.armexidx.*)
                0x080020d4                __exidx_end = .
                0x080020d4                . = ALIGN (0x4)

Stack           0x1ffe8000      0x800
                0x1ffe8000                __stack_start = .
                0x1ffe8800                . = (. + stack_size)
 *fill*         0x1ffe8000      0x800 
                0x1ffe8800                __stack_end = .
                0x1ffe8800                __initial_sp = .

.ram_code       0x1ffe8800        0x0 load address 0x0c0020d4
                0x1ffe8800                . = ALIGN (0x4)
                0x1ffe8800                __ram_code_start = .
 *(.ram_code)
                0x1ffe8800                . = ALIGN (0x4)
                0x1ffe8800                __ram_code_end = .
                0x0c0020d4                __ram_code_load = LOADADDR (.ram_code)
                0x00000000                __ram_code_size = (__ram_code_end - __ram_code_start)

.data           0x1ffe8800       0x44 load address 0x0c0020d4
                0x1ffe8800                . = ALIGN (0x4)
                0x1ffe8800                __data_start = .
 *(.data)
 *(.data*)
 .data.PWM_0    0x1ffe8800       0x34 ./Dave/Generated/PWM/pwm_conf.o
                0x1ffe8800                PWM_0
 .data.GLOBAL_CCU4_0
                0x1ffe8834       0x10 ./Dave/Generated/GLOBAL_CCU4/global_ccu4_conf.o
                0x1ffe8834                GLOBAL_CCU4_0
 *(*.data)
 *(.gnu.linkonce.d*)
                0x1ffe8844                . = ALIGN (0x4)
                0x1ffe8844                PROVIDE (__preinit_array_start, .)
 *(.preinit_array)
                0x1ffe8844                PROVIDE (__preinit_array_end, .)
                0x1ffe8844                . = ALIGN (0x4)
                0x1ffe8844                PROVIDE (__init_array_start, .)
 *(SORT(.init_array.*))
 *(.init_array)
                0x1ffe8844                PROVIDE (__init_array_end, .)
                0x1ffe8844                . = ALIGN (0x4)
                0x1ffe8844                PROVIDE (__fini_array_start, .)
 *(SORT(.fini_array.*))
 *(.fini_array)
                0x1ffe8844                PROVIDE (__fini_array_end, .)
                0x1ffe8844                . = ALIGN (0x4)
                0x1ffe8844                __data_end = .
                0x0c0020d4                __data_load = LOADADDR (.data)
                0x00000044                __data_size = (__data_end - __data_start)
                0x00002118                __text_size = (((__exidx_end - sText) + __data_size) + __ram_code_size)
                0x08002118                eText = (sText + __text_size)

.igot.plt       0x1ffe8844        0x0 load address 0x0c002118
 .igot.plt      0x00000000        0x0 ./Startup/startup_XMC4700.o

.bss            0x1ffe8844      0x138 load address 0x0c002118
                0x1ffe8844                . = ALIGN (0x4)
                0x1ffe8844                __bss_start = .
 *(.bss)
 *(.bss*)
 .bss.g_timer_list
                0x1ffe8844        0x4 ./Dave/Generated/SYSTIMER/systimer.o
                0x1ffe8844                g_timer_list
 .bss.g_timer_tracker
                0x1ffe8848        0x4 ./Dave/Generated/SYSTIMER/systimer.o
                0x1ffe8848                g_timer_tracker
 .bss.g_systick_count
                0x1ffe884c        0x4 ./Dave/Generated/SYSTIMER/systimer.o
                0x1ffe884c                g_systick_count
 .bss.SYSTIMER_0
                0x1ffe8850        0x4 ./Dave/Generated/SYSTIMER/systimer_conf.o
                0x1ffe8850                SYSTIMER_0
 .bss.CLOCK_XMC4_0
                0x1ffe8854        0x4 ./Dave/Generated/CLOCK_XMC4/clock_xmc4_conf.o
                0x1ffe8854                CLOCK_XMC4_0
 *(COMMON)
 COMMON         0x1ffe8858      0x120 ./Dave/Generated/SYSTIMER/systimer.o
                0x1ffe8858                g_timer_tbl
 COMMON         0x1ffe8978        0x4 ./main.o
                0x1ffe8978                delay1000
 *(.gnu.linkonce.b*)
                0x1ffe897c                . = ALIGN (0x4)
                0x1ffe897c                __bss_end = .
                0x00000138                __bss_size = (__bss_end - __bss_start)
                0x00017684                __shift_loc = (__bss_end >= ORIGIN (DSRAM_1_system))?0x0:(ORIGIN (DSRAM_1_system) - __bss_end)

USB_RAM         0x20000000        0x0
                0x20000000                . = ALIGN (0x4)
                0x20000000                USB_RAM_start = .
 *(USB_RAM)
                0x20000000                . = ALIGN (0x4)
                0x20000000                USB_RAM_end = .
                0x00000000                USB_RAM_size = (USB_RAM_end - USB_RAM_start)

ETH_RAM         0x20000000        0x0
                0x20000000                . = ALIGN (0x4)
                0x20000000                ETH_RAM_start = .
 *(ETH_RAM)
                0x20000000                . = ALIGN (0x4)
                0x20000000                ETH_RAM_end = .
                0x20000000                . = ALIGN (0x8)
                0x20000000                Heap_Bank1_Start = .
                0x00000000                ETH_RAM_size = (ETH_RAM_end - ETH_RAM_start)

.no_init        0x2003ffc0       0x14
                0x2003ffc0                Heap_Bank1_End = .
 *(.no_init)
 .no_init       0x2003ffc0       0x14 ./Startup/system_XMC4700.o
                0x2003ffc0                SystemCoreClock
                0x2003ffc4                g_chipid
                0x0003ffc0                Heap_Bank1_Size = (Heap_Bank1_End - Heap_Bank1_Start)
                0x00000001                ASSERT ((Heap_Bank1_Start <= Heap_Bank1_End), region SRAM_combined overflowed no_init section)

/DISCARD/
 *(.comment)

.stab
 *(.stab)

.stabstr
 *(.stabstr)

.debug
 *(.debug)

.line
 *(.line)

.debug_srcinfo
 *(.debug_srcinfo)

.debug_sfnames
 *(.debug_sfnames)

.debug_aranges  0x00000000      0x920
 *(.debug_aranges)
 .debug_aranges
                0x00000000       0x20 ./Startup/startup_XMC4700.o
 .debug_aranges
                0x00000020       0x48 ./Startup/system_XMC4700.o
 .debug_aranges
                0x00000068       0x28 ./Libraries/XMCLib/src/xmc4_gpio.o
 .debug_aranges
                0x00000090      0x3e0 ./Libraries/XMCLib/src/xmc4_scu.o
 .debug_aranges
                0x00000470      0x138 ./Libraries/XMCLib/src/xmc_ccu4.o
 .debug_aranges
                0x000005a8       0x28 ./Libraries/Newlib/syscalls.o
 .debug_aranges
                0x000005d0       0xe0 ./Dave/Generated/SYSTIMER/systimer.o
 .debug_aranges
                0x000006b0       0x18 ./Dave/Generated/SYSTIMER/systimer_conf.o
 .debug_aranges
                0x000006c8      0x110 ./Dave/Generated/PWM/pwm.o
 .debug_aranges
                0x000007d8       0x18 ./Dave/Generated/PWM/pwm_conf.o
 .debug_aranges
                0x000007f0       0x30 ./Dave/Generated/GLOBAL_CCU4/global_ccu4.o
 .debug_aranges
                0x00000820       0x18 ./Dave/Generated/GLOBAL_CCU4/global_ccu4_conf.o
 .debug_aranges
                0x00000838       0x28 ./Dave/Generated/CPU_CTRL_XMC4/cpu_ctrl_xmc4_conf.o
 .debug_aranges
                0x00000860       0x38 ./Dave/Generated/CLOCK_XMC4/clock_xmc4.o
 .debug_aranges
                0x00000898       0x20 ./Dave/Generated/CLOCK_XMC4/clock_xmc4_conf.o
 .debug_aranges
                0x000008b8       0x20 ./Dave/Generated/DAVE.o
 .debug_aranges
                0x000008d8       0x48 ./main.o

.debug_pubnames
 *(.debug_pubnames)

.debug_pubtypes
 *(.debug_pubtypes)

.debug_info     0x00000000     0xaf72
 *(.debug_info .gnu.linkonce.wi.*)
 .debug_info    0x00000000       0x8f ./Startup/startup_XMC4700.o
 .debug_info    0x0000008f      0xa3d ./Startup/system_XMC4700.o
 .debug_info    0x00000acc      0x4dd ./Libraries/XMCLib/src/xmc4_gpio.o
 .debug_info    0x00000fa9     0x2425 ./Libraries/XMCLib/src/xmc4_scu.o
 .debug_info    0x000033ce     0x1797 ./Libraries/XMCLib/src/xmc_ccu4.o
 .debug_info    0x00004b65      0x11f ./Libraries/Newlib/syscalls.o
 .debug_info    0x00004c84     0x1357 ./Dave/Generated/SYSTIMER/systimer.o
 .debug_info    0x00005fdb      0x1a9 ./Dave/Generated/SYSTIMER/systimer_conf.o
 .debug_info    0x00006184     0x147e ./Dave/Generated/PWM/pwm.o
 .debug_info    0x00007602      0xc5e ./Dave/Generated/PWM/pwm_conf.o
 .debug_info    0x00008260      0x43a ./Dave/Generated/GLOBAL_CCU4/global_ccu4.o
 .debug_info    0x0000869a      0x33a ./Dave/Generated/GLOBAL_CCU4/global_ccu4_conf.o
 .debug_info    0x000089d4      0x52e ./Dave/Generated/CPU_CTRL_XMC4/cpu_ctrl_xmc4_conf.o
 .debug_info    0x00008f02      0x2dd ./Dave/Generated/CLOCK_XMC4/clock_xmc4.o
 .debug_info    0x000091df      0x43e ./Dave/Generated/CLOCK_XMC4/clock_xmc4_conf.o
 .debug_info    0x0000961d      0xc3f ./Dave/Generated/DAVE.o
 .debug_info    0x0000a25c      0xd16 ./main.o

.debug_abbrev   0x00000000     0x1c5b
 *(.debug_abbrev)
 .debug_abbrev  0x00000000       0x14 ./Startup/startup_XMC4700.o
 .debug_abbrev  0x00000014      0x1f1 ./Startup/system_XMC4700.o
 .debug_abbrev  0x00000205      0x144 ./Libraries/XMCLib/src/xmc4_gpio.o
 .debug_abbrev  0x00000349      0x2a3 ./Libraries/XMCLib/src/xmc4_scu.o
 .debug_abbrev  0x000005ec      0x232 ./Libraries/XMCLib/src/xmc_ccu4.o
 .debug_abbrev  0x0000081e       0xbd ./Libraries/Newlib/syscalls.o
 .debug_abbrev  0x000008db      0x36d ./Dave/Generated/SYSTIMER/systimer.o
 .debug_abbrev  0x00000c48       0xc2 ./Dave/Generated/SYSTIMER/systimer_conf.o
 .debug_abbrev  0x00000d0a      0x293 ./Dave/Generated/PWM/pwm.o
 .debug_abbrev  0x00000f9d      0x1a8 ./Dave/Generated/PWM/pwm_conf.o
 .debug_abbrev  0x00001145      0x196 ./Dave/Generated/GLOBAL_CCU4/global_ccu4.o
 .debug_abbrev  0x000012db      0x124 ./Dave/Generated/GLOBAL_CCU4/global_ccu4_conf.o
 .debug_abbrev  0x000013ff      0x1b4 ./Dave/Generated/CPU_CTRL_XMC4/cpu_ctrl_xmc4_conf.o
 .debug_abbrev  0x000015b3      0x13d ./Dave/Generated/CLOCK_XMC4/clock_xmc4.o
 .debug_abbrev  0x000016f0      0x134 ./Dave/Generated/CLOCK_XMC4/clock_xmc4_conf.o
 .debug_abbrev  0x00001824      0x1c8 ./Dave/Generated/DAVE.o
 .debug_abbrev  0x000019ec      0x26f ./main.o

.debug_line     0x00000000     0x443d
 *(.debug_line)
 .debug_line    0x00000000       0x87 ./Startup/startup_XMC4700.o
 .debug_line    0x00000087      0x33d ./Startup/system_XMC4700.o
 .debug_line    0x000003c4      0x243 ./Libraries/XMCLib/src/xmc4_gpio.o
 .debug_line    0x00000607      0xe4d ./Libraries/XMCLib/src/xmc4_scu.o
 .debug_line    0x00001454      0x659 ./Libraries/XMCLib/src/xmc_ccu4.o
 .debug_line    0x00001aad       0xd0 ./Libraries/Newlib/syscalls.o
 .debug_line    0x00001b7d      0x625 ./Dave/Generated/SYSTIMER/systimer.o
 .debug_line    0x000021a2      0x1a8 ./Dave/Generated/SYSTIMER/systimer_conf.o
 .debug_line    0x0000234a      0x6be ./Dave/Generated/PWM/pwm.o
 .debug_line    0x00002a08      0x348 ./Dave/Generated/PWM/pwm_conf.o
 .debug_line    0x00002d50      0x35c ./Dave/Generated/GLOBAL_CCU4/global_ccu4.o
 .debug_line    0x000030ac      0x2bb ./Dave/Generated/GLOBAL_CCU4/global_ccu4_conf.o
 .debug_line    0x00003367      0x29d ./Dave/Generated/CPU_CTRL_XMC4/cpu_ctrl_xmc4_conf.o
 .debug_line    0x00003604      0x2e3 ./Dave/Generated/CLOCK_XMC4/clock_xmc4.o
 .debug_line    0x000038e7      0x2ba ./Dave/Generated/CLOCK_XMC4/clock_xmc4_conf.o
 .debug_line    0x00003ba1      0x3b1 ./Dave/Generated/DAVE.o
 .debug_line    0x00003f52      0x4eb ./main.o

.debug_frame    0x00000000     0x25ac
 *(.debug_frame)
 .debug_frame   0x00000000       0xec ./Startup/system_XMC4700.o
 .debug_frame   0x000000ec       0x60 ./Libraries/XMCLib/src/xmc4_gpio.o
 .debug_frame   0x0000014c     0x1238 ./Libraries/XMCLib/src/xmc4_scu.o
 .debug_frame   0x00001384      0x5b0 ./Libraries/XMCLib/src/xmc_ccu4.o
 .debug_frame   0x00001934       0x5c ./Libraries/Newlib/syscalls.o
 .debug_frame   0x00001990      0x3ec ./Dave/Generated/SYSTIMER/systimer.o
 .debug_frame   0x00001d7c      0x4e8 ./Dave/Generated/PWM/pwm.o
 .debug_frame   0x00002264       0x88 ./Dave/Generated/GLOBAL_CCU4/global_ccu4.o
 .debug_frame   0x000022ec       0x60 ./Dave/Generated/CPU_CTRL_XMC4/cpu_ctrl_xmc4_conf.o
 .debug_frame   0x0000234c       0xac ./Dave/Generated/CLOCK_XMC4/clock_xmc4.o
 .debug_frame   0x000023f8       0x3c ./Dave/Generated/CLOCK_XMC4/clock_xmc4_conf.o
 .debug_frame   0x00002434       0x38 ./Dave/Generated/DAVE.o
 .debug_frame   0x0000246c       0xf4 ./main.o
 .debug_frame   0x00002560       0x2c c:/infineon/tools/dave ide/4.5.0.202105191637/eclipse/arm-gcc-49/bin/../lib/gcc/arm-none-eabi/4.9.3/../../../../arm-none-eabi/lib/armv7e-m/softfp\libg_nano.a(lib_a-init.o)
 .debug_frame   0x0000258c       0x20 c:/infineon/tools/dave ide/4.5.0.202105191637/eclipse/arm-gcc-49/bin/../lib/gcc/arm-none-eabi/4.9.3/../../../../arm-none-eabi/lib/armv7e-m/softfp\libg_nano.a(lib_a-strlen.o)

.debug_str      0x00000000     0x5d57
 *(.debug_str)
 .debug_str     0x00000000      0x608 ./Startup/system_XMC4700.o
                                0x674 (size before relaxing)
 .debug_str     0x00000608      0x544 ./Libraries/XMCLib/src/xmc4_gpio.o
                                0x7ee (size before relaxing)
 .debug_str     0x00000b4c     0x2360 ./Libraries/XMCLib/src/xmc4_scu.o
                               0x28e6 (size before relaxing)
 .debug_str     0x00002eac     0x150e ./Libraries/XMCLib/src/xmc_ccu4.o
                               0x1edb (size before relaxing)
 .debug_str     0x000043ba       0x6f ./Libraries/Newlib/syscalls.o
                                0x22a (size before relaxing)
 .debug_str     0x00004429      0xb93 ./Dave/Generated/SYSTIMER/systimer.o
                                0xed9 (size before relaxing)
 .debug_str     0x00004fbc       0x36 ./Dave/Generated/SYSTIMER/systimer_conf.o
                                0x2bc (size before relaxing)
 .debug_str     0x00004ff2      0x76e ./Dave/Generated/PWM/pwm.o
                               0x1463 (size before relaxing)
 .debug_str     0x00005760      0x2b0 ./Dave/Generated/PWM/pwm_conf.o
                               0x116b (size before relaxing)
 .debug_str     0x00005a10       0xb5 ./Dave/Generated/GLOBAL_CCU4/global_ccu4.o
                                0x5ec (size before relaxing)
 .debug_str     0x00005ac5       0x31 ./Dave/Generated/GLOBAL_CCU4/global_ccu4_conf.o
                                0x500 (size before relaxing)
 .debug_str     0x00005af6       0x88 ./Dave/Generated/CPU_CTRL_XMC4/cpu_ctrl_xmc4_conf.o
                                0x42e (size before relaxing)
 .debug_str     0x00005b7e       0xe7 ./Dave/Generated/CLOCK_XMC4/clock_xmc4.o
                                0x3df (size before relaxing)
 .debug_str     0x00005c65       0x50 ./Dave/Generated/CLOCK_XMC4/clock_xmc4_conf.o
                                0x7bf (size before relaxing)
 .debug_str     0x00005cb5       0x65 ./Dave/Generated/DAVE.o
                                0xe9b (size before relaxing)
 .debug_str     0x00005d1a       0x3d ./main.o
                                0xec1 (size before relaxing)

.debug_loc      0x00000000     0x4d20
 *(.debug_loc)
 .debug_loc     0x00000000      0x1a4 ./Startup/system_XMC4700.o
 .debug_loc     0x000001a4       0xb8 ./Libraries/XMCLib/src/xmc4_gpio.o
 .debug_loc     0x0000025c     0x2618 ./Libraries/XMCLib/src/xmc4_scu.o
 .debug_loc     0x00002874      0xc90 ./Libraries/XMCLib/src/xmc_ccu4.o
 .debug_loc     0x00003504       0x94 ./Libraries/Newlib/syscalls.o
 .debug_loc     0x00003598      0x7f4 ./Dave/Generated/SYSTIMER/systimer.o
 .debug_loc     0x00003d8c      0xa4c ./Dave/Generated/PWM/pwm.o
 .debug_loc     0x000047d8      0x108 ./Dave/Generated/GLOBAL_CCU4/global_ccu4.o
 .debug_loc     0x000048e0       0xac ./Dave/Generated/CPU_CTRL_XMC4/cpu_ctrl_xmc4_conf.o
 .debug_loc     0x0000498c      0x14c ./Dave/Generated/CLOCK_XMC4/clock_xmc4.o
 .debug_loc     0x00004ad8       0x50 ./Dave/Generated/CLOCK_XMC4/clock_xmc4_conf.o
 .debug_loc     0x00004b28       0x50 ./Dave/Generated/DAVE.o
 .debug_loc     0x00004b78      0x1a8 ./main.o

.debug_macinfo
 *(.debug_macinfo)

.debug_ranges   0x00000000      0x7e8
 *(.debug_ranges)
 .debug_ranges  0x00000000       0x38 ./Startup/system_XMC4700.o
 .debug_ranges  0x00000038       0x18 ./Libraries/XMCLib/src/xmc4_gpio.o
 .debug_ranges  0x00000050      0x3d0 ./Libraries/XMCLib/src/xmc4_scu.o
 .debug_ranges  0x00000420      0x128 ./Libraries/XMCLib/src/xmc_ccu4.o
 .debug_ranges  0x00000548       0x18 ./Libraries/Newlib/syscalls.o
 .debug_ranges  0x00000560       0xd0 ./Dave/Generated/SYSTIMER/systimer.o
 .debug_ranges  0x00000630      0x100 ./Dave/Generated/PWM/pwm.o
 .debug_ranges  0x00000730       0x20 ./Dave/Generated/GLOBAL_CCU4/global_ccu4.o
 .debug_ranges  0x00000750       0x18 ./Dave/Generated/CPU_CTRL_XMC4/cpu_ctrl_xmc4_conf.o
 .debug_ranges  0x00000768       0x28 ./Dave/Generated/CLOCK_XMC4/clock_xmc4.o
 .debug_ranges  0x00000790       0x10 ./Dave/Generated/CLOCK_XMC4/clock_xmc4_conf.o
 .debug_ranges  0x000007a0       0x10 ./Dave/Generated/DAVE.o
 .debug_ranges  0x000007b0       0x38 ./main.o

.debug_weaknames
 *(.debug_weaknames)

.debug_funcnames
 *(.debug_funcnames)

.debug_typenames
 *(.debug_typenames)

.debug_varnames
 *(.debug_varnames)

.build_attributes
                0x00000000      0x3f9
 *(.ARM.attributes)
 .ARM.attributes
                0x00000000       0x25 ./Startup/startup_XMC4700.o
 .ARM.attributes
                0x00000025       0x37 ./Startup/system_XMC4700.o
 .ARM.attributes
                0x0000005c       0x37 ./Libraries/XMCLib/src/xmc4_gpio.o
 .ARM.attributes
                0x00000093       0x37 ./Libraries/XMCLib/src/xmc4_scu.o
 .ARM.attributes
                0x000000ca       0x37 ./Libraries/XMCLib/src/xmc_ccu4.o
 .ARM.attributes
                0x00000101       0x37 ./Libraries/Newlib/syscalls.o
 .ARM.attributes
                0x00000138       0x37 ./Dave/Generated/SYSTIMER/systimer.o
 .ARM.attributes
                0x0000016f       0x37 ./Dave/Generated/SYSTIMER/systimer_conf.o
 .ARM.attributes
                0x000001a6       0x37 ./Dave/Generated/PWM/pwm.o
 .ARM.attributes
                0x000001dd       0x37 ./Dave/Generated/PWM/pwm_conf.o
 .ARM.attributes
                0x00000214       0x37 ./Dave/Generated/GLOBAL_CCU4/global_ccu4.o
 .ARM.attributes
                0x0000024b       0x37 ./Dave/Generated/GLOBAL_CCU4/global_ccu4_conf.o
 .ARM.attributes
                0x00000282       0x37 ./Dave/Generated/CPU_CTRL_XMC4/cpu_ctrl_xmc4_conf.o
 .ARM.attributes
                0x000002b9       0x37 ./Dave/Generated/CLOCK_XMC4/clock_xmc4.o
 .ARM.attributes
                0x000002f0       0x37 ./Dave/Generated/CLOCK_XMC4/clock_xmc4_conf.o
 .ARM.attributes
                0x00000327       0x37 ./Dave/Generated/DAVE.o
 .ARM.attributes
                0x0000035e       0x37 ./main.o
 .ARM.attributes
                0x00000395       0x32 c:/infineon/tools/dave ide/4.5.0.202105191637/eclipse/arm-gcc-49/bin/../lib/gcc/arm-none-eabi/4.9.3/../../../../arm-none-eabi/lib/armv7e-m/softfp\libg_nano.a(lib_a-init.o)
 .ARM.attributes
                0x000003c7       0x32 c:/infineon/tools/dave ide/4.5.0.202105191637/eclipse/arm-gcc-49/bin/../lib/gcc/arm-none-eabi/4.9.3/../../../../arm-none-eabi/lib/armv7e-m/softfp\libg_nano.a(lib_a-strlen.o)
OUTPUT(PWM.elf elf32-littlearm)
